// Jest Snapshot v1, https://goo.gl/fbAQLP

exports[`<SettingsScreen /> matches snapshot 1`] = `
<RCTSafeAreaView
  style={
    {
      "backgroundColor": "#ffffff",
      "flex": 1,
    }
  }
>
  <View
    style={
      {
        "alignSelf": "center",
        "backgroundColor": "#ffffff",
        "width": 375,
      }
    }
  >
    <View
      style={
        {
          "alignItems": "center",
          "flexDirection": "row",
          "justifyContent": "space-between",
          "paddingBottom": 12,
          "paddingHorizontal": 16,
          "paddingTop": 20,
        }
      }
    >
      <View
        accessibilityState={
          {
            "busy": undefined,
            "checked": undefined,
            "disabled": undefined,
            "expanded": undefined,
            "selected": undefined,
          }
        }
        accessibilityValue={
          {
            "max": undefined,
            "min": undefined,
            "now": undefined,
            "text": undefined,
          }
        }
        accessible={true}
        collapsable={false}
        focusable={false}
        onClick={[Function]}
        onResponderGrant={[Function]}
        onResponderMove={[Function]}
        onResponderRelease={[Function]}
        onResponderTerminate={[Function]}
        onResponderTerminationRequest={[Function]}
        onStartShouldSetResponder={[Function]}
        style={
          {
            "height": 20,
            "opacity": 1,
            "width": 20,
          }
        }
      >
        <View
          accessibilityIgnoresInvertColors={true}
          style={
            {
              "height": 20,
              "width": 20,
            }
          }
        >
          <Image
            source={
              {
                "testUri": "../../../assets/images/back-arrow.png",
              }
            }
            style={
              [
                {
                  "bottom": 0,
                  "left": 0,
                  "position": "absolute",
                  "right": 0,
                  "top": 0,
                },
                {
                  "height": 20,
                  "width": 20,
                },
                undefined,
              ]
            }
          />
        </View>
      </View>
      <Text
        numberOfLines={1}
        style={
          {
            "color": "#303030",
            "flex": 1,
            "fontFamily": "Merriweather",
            "fontSize": 16,
            "fontWeight": "700",
            "textAlign": "center",
          }
        }
      >
        Settings
      </Text>
      <View
        style={
          {
            "width": 20,
          }
        }
      />
    </View>
    <RCTScrollView
      contentContainerStyle={
        {
          "paddingBottom": 20,
        }
      }
    >
      <View>
        <Text
          style={
            {
              "color": "#909191",
              "fontFamily": "Nunito Sans",
              "fontSize": 16,
              "fontWeight": "600",
              "marginLeft": 20,
              "marginTop": 20,
            }
          }
        >
          Personal Information
        </Text>
        <View
          style={
            [
              {
                "backgroundColor": "#fff",
                "borderRadius": 4,
                "elevation": 2,
                "marginLeft": 20,
                "padding": 16,
                "shadowColor": "#000",
                "shadowOpacity": 0.05,
                "shadowRadius": 4,
                "width": 335,
              },
              {
                "marginTop": 10,
              },
            ]
          }
        >
          <Text
            style={
              {
                "color": "#808080",
                "fontSize": 12,
              }
            }
          >
            Name
          </Text>
          <Text
            style={
              {
                "color": "#232323",
                "fontSize": 14,
                "fontWeight": "600",
                "marginTop": 4,
              }
            }
          >
            Bruno Pham
          </Text>
        </View>
        <View
          style={
            [
              {
                "backgroundColor": "#fff",
                "borderRadius": 4,
                "elevation": 2,
                "marginLeft": 20,
                "padding": 16,
                "shadowColor": "#000",
                "shadowOpacity": 0.05,
                "shadowRadius": 4,
                "width": 335,
              },
              {
                "marginTop": 15,
              },
            ]
          }
        >
          <Text
            style={
              {
                "color": "#808080",
                "fontSize": 12,
              }
            }
          >
            Email
          </Text>
          <Text
            style={
              {
                "color": "#232323",
                "fontSize": 14,
                "fontWeight": "600",
                "marginTop": 4,
              }
            }
          >
            bruno203@gmail.com
          </Text>
        </View>
        <Text
          style={
            {
              "color": "#909191",
              "fontFamily": "Nunito Sans",
              "fontSize": 16,
              "fontWeight": "600",
              "marginLeft": 20,
              "marginTop": 30,
            }
          }
        >
          Preferences
        </Text>
        <View
          style={
            {
              "alignItems": "center",
              "backgroundColor": "#fff",
              "borderRadius": 4,
              "elevation": 1,
              "flexDirection": "row",
              "height": 54,
              "justifyContent": "space-between",
              "marginLeft": 20,
              "marginTop": 10,
              "paddingHorizontal": 16,
              "shadowColor": "#000",
              "shadowOpacity": 0.05,
              "shadowRadius": 4,
              "width": 335,
            }
          }
        >
          <Text
            style={
              {
                "color": "#232323",
                "fontSize": 16,
                "fontWeight": "600",
              }
            }
          >
            Sales
          </Text>
        </View>
        <View
          style={
            {
              "alignItems": "center",
              "backgroundColor": "#fff",
              "borderRadius": 4,
              "elevation": 1,
              "flexDirection": "row",
              "height": 54,
              "justifyContent": "space-between",
              "marginLeft": 20,
              "marginTop": 10,
              "paddingHorizontal": 16,
              "shadowColor": "#000",
              "shadowOpacity": 0.05,
              "shadowRadius": 4,
              "width": 335,
            }
          }
        >
          <Text
            style={
              {
                "color": "#232323",
                "fontSize": 16,
                "fontWeight": "600",
              }
            }
          >
            New Arrivals
          </Text>
        </View>
        <View
          style={
            {
              "alignItems": "center",
              "backgroundColor": "#fff",
              "borderRadius": 4,
              "elevation": 1,
              "flexDirection": "row",
              "height": 54,
              "justifyContent": "space-between",
              "marginLeft": 20,
              "marginTop": 10,
              "paddingHorizontal": 16,
              "shadowColor": "#000",
              "shadowOpacity": 0.05,
              "shadowRadius": 4,
              "width": 335,
            }
          }
        >
          <Text
            style={
              {
                "color": "#232323",
                "fontSize": 16,
                "fontWeight": "600",
              }
            }
          >
            Delivery Status
          </Text>
        </View>
        <Text
          style={
            {
              "color": "#909191",
              "fontFamily": "Nunito Sans",
              "fontSize": 16,
              "fontWeight": "600",
              "marginLeft": 20,
              "marginTop": 30,
            }
          }
        >
          Help Center
        </Text>
        <View
          accessibilityState={
            {
              "busy": undefined,
              "checked": undefined,
              "disabled": undefined,
              "expanded": undefined,
              "selected": undefined,
            }
          }
          accessibilityValue={
            {
              "max": undefined,
              "min": undefined,
              "now": undefined,
              "text": undefined,
            }
          }
          accessible={true}
          collapsable={false}
          focusable={false}
          onClick={[Function]}
          onResponderGrant={[Function]}
          onResponderMove={[Function]}
          onResponderRelease={[Function]}
          onResponderTerminate={[Function]}
          onResponderTerminationRequest={[Function]}
          onStartShouldSetResponder={[Function]}
          style={
            {
              "alignItems": "center",
              "backgroundColor": "#fff",
              "borderRadius": 4,
              "elevation": 1,
              "flexDirection": "row",
              "height": 54,
              "justifyContent": "space-between",
              "marginLeft": 20,
              "marginTop": 10,
              "opacity": 1,
              "paddingHorizontal": 16,
              "shadowColor": "#000",
              "shadowOpacity": 0.05,
              "shadowRadius": 4,
              "width": 335,
            }
          }
        >
          <Text
            style={
              {
                "color": "#232323",
                "fontSize": 16,
                "fontWeight": "700",
              }
            }
          >
            FAQ
          </Text>
        </View>
        <View
          accessibilityState={
            {
              "busy": undefined,
              "checked": undefined,
              "disabled": undefined,
              "expanded": undefined,
              "selected": undefined,
            }
          }
          accessibilityValue={
            {
              "max": undefined,
              "min": undefined,
              "now": undefined,
              "text": undefined,
            }
          }
          accessible={true}
          collapsable={false}
          focusable={false}
          onClick={[Function]}
          onResponderGrant={[Function]}
          onResponderMove={[Function]}
          onResponderRelease={[Function]}
          onResponderTerminate={[Function]}
          onResponderTerminationRequest={[Function]}
          onStartShouldSetResponder={[Function]}
          style={
            {
              "alignItems": "center",
              "backgroundColor": "#fff",
              "borderRadius": 4,
              "elevation": 1,
              "flexDirection": "row",
              "height": 54,
              "justifyContent": "space-between",
              "marginLeft": 20,
              "marginTop": 10,
              "opacity": 1,
              "paddingHorizontal": 16,
              "shadowColor": "#000",
              "shadowOpacity": 0.05,
              "shadowRadius": 4,
              "width": 335,
            }
          }
        >
          <Text
            style={
              {
                "color": "#232323",
                "fontSize": 16,
                "fontWeight": "700",
              }
            }
          >
            Contact Us
          </Text>
        </View>
        <View
          accessibilityState={
            {
              "busy": undefined,
              "checked": undefined,
              "disabled": undefined,
              "expanded": undefined,
              "selected": undefined,
            }
          }
          accessibilityValue={
            {
              "max": undefined,
              "min": undefined,
              "now": undefined,
              "text": undefined,
            }
          }
          accessible={true}
          collapsable={false}
          focusable={false}
          onClick={[Function]}
          onResponderGrant={[Function]}
          onResponderMove={[Function]}
          onResponderRelease={[Function]}
          onResponderTerminate={[Function]}
          onResponderTerminationRequest={[Function]}
          onStartShouldSetResponder={[Function]}
          style={
            {
              "alignItems": "center",
              "backgroundColor": "#fff",
              "borderRadius": 4,
              "elevation": 1,
              "flexDirection": "row",
              "height": 54,
              "justifyContent": "space-between",
              "marginLeft": 20,
              "marginTop": 10,
              "opacity": 1,
              "paddingHorizontal": 16,
              "shadowColor": "#000",
              "shadowOpacity": 0.05,
              "shadowRadius": 4,
              "width": 335,
            }
          }
        >
          <Text
            style={
              {
                "color": "#232323",
                "fontSize": 16,
                "fontWeight": "700",
              }
            }
          >
            Privacy & Terms
          </Text>
        </View>
      </View>
    </RCTScrollView>
  </View>
</RCTSafeAreaView>
`;
